// Jest Snapshot v1, https://goo.gl/fbAQLP

exports[`HomePage component renders the component as expected 1`] = `
<div
  className="homepage-message"
>
  Web Developer. Engineer. 
  <br />
  Ventures. Investing. Strategy. 
  <br />
  Adventures. Burner. Athlete. 
  <br />
  Denver. San Francisco. 
  <br />
</div>
`;
