// Jest Snapshot v1, https://goo.gl/fbAQLP

exports[`Footer component renders the component as expected 1`] = `
<div
  className="footer-container"
>
  <span />
  <span />
  <span>
    <a
      href="/contact"
      onClick={[Function]}
      style={
        Object {
          "textDecoration": "none",
        }
      }
    >
      Contact
    </a>
  </span>
</div>
`;
