// Jest Snapshot v1, https://goo.gl/fbAQLP

exports[`Header component renders the component as expected 1`] = `
<div>
  <div
    className="header-container"
  >
    <img
      alt="JYL logo"
      className="header-image"
      src="logo.png"
    />
    <p
      className="header-mobile"
    >
      John
    </p>
    <p
      className="header-screen"
    >
      <a
        href="/"
        onClick={[Function]}
        style={
          Object {
            "textDecoration": "none",
          }
        }
      >
        Home
      </a>
    </p>
    <p
      className="header-screen"
    >
      <a
        href="/about"
        onClick={[Function]}
        style={
          Object {
            "textDecoration": "none",
          }
        }
      >
        About
      </a>
    </p>
    <p
      className="header-screen"
    >
      <a
        href="/journals"
        onClick={[Function]}
        style={
          Object {
            "textDecoration": "none",
          }
        }
      >
        Journal
      </a>
    </p>
    <p
      className="header-screen"
    >
      <a
        href="/projects"
        onClick={[Function]}
        style={
          Object {
            "textDecoration": "none",
          }
        }
      >
        Projects
      </a>
    </p>
    <img
      alt="menu icon"
      className="header-image header-mobile"
      onClick={[Function]}
      src="menuHamburger.png"
    />
  </div>
  <div
    style={
      Object {
        "display": "none",
      }
    }
  >
    <div
      className="menu-dropdown header-mobile"
    >
      <ul
        className="menu-dropdown"
      >
        <a
          href="/"
          onClick={[Function]}
          style={
            Object {
              "textDecoration": "none",
            }
          }
        >
          <li
            className="menu-dropdown"
            onClick={[Function]}
          >
            Home
          </li>
        </a>
        <a
          href="/about"
          onClick={[Function]}
          style={
            Object {
              "textDecoration": "none",
            }
          }
        >
          <li
            className="menu-dropdown"
            onClick={[Function]}
          >
            About
          </li>
        </a>
        <a
          href="/journals"
          onClick={[Function]}
          style={
            Object {
              "textDecoration": "none",
            }
          }
        >
          <li
            className="menu-dropdown"
            onClick={[Function]}
          >
            Journals
          </li>
        </a>
        <a
          href="/projects"
          onClick={[Function]}
          style={
            Object {
              "textDecoration": "none",
            }
          }
        >
          <li
            className="menu-dropdown"
            onClick={[Function]}
          >
            Projects
          </li>
        </a>
      </ul>
    </div>
  </div>
</div>
`;
