// Jest Snapshot v1, https://goo.gl/fbAQLP

exports[`ContactForm component renders the component as expected 1`] = `
<div
  className="contact-form"
>
  <form
    id="contact-form"
    method="POST"
    onSubmit={[Function]}
  >
    <h2>
      Contact Form
    </h2>
    <div
      className="form-group"
    >
      <label
        htmlFor="name"
      >
        Name
      </label>
      <input
        className="form-control"
        type="text"
      />
    </div>
    <div
      className="form-group"
    >
      <label
        htmlFor="exampleInputEmail1"
      >
        Email address
      </label>
      <input
        aria-describedby="emailHelp"
        className="form-control"
        type="email"
      />
    </div>
    <div
      className="form-group"
    >
      <label
        htmlFor="message"
      >
        Message
      </label>
      <textarea
        className="form-control form-message"
        rows="5"
      />
    </div>
    <button
      className="projectCard"
      type="submit"
    >
      Submit
    </button>
  </form>
</div>
`;
