// Jest Snapshot v1, https://goo.gl/fbAQLP

exports[`MenuDropdown component renders the component as expected 1`] = `
<div
  className="menu-dropdown header-mobile"
>
  <ul
    className="menu-dropdown"
  >
    <a
      href="/"
      onClick={[Function]}
      style={
        Object {
          "textDecoration": "none",
        }
      }
    >
      <li
        className="menu-dropdown"
      >
        Home
      </li>
    </a>
    <a
      href="/about"
      onClick={[Function]}
      style={
        Object {
          "textDecoration": "none",
        }
      }
    >
      <li
        className="menu-dropdown"
      >
        About
      </li>
    </a>
    <a
      href="/journals"
      onClick={[Function]}
      style={
        Object {
          "textDecoration": "none",
        }
      }
    >
      <li
        className="menu-dropdown"
      >
        Journals
      </li>
    </a>
    <a
      href="/projects"
      onClick={[Function]}
      style={
        Object {
          "textDecoration": "none",
        }
      }
    >
      <li
        className="menu-dropdown"
      >
        Projects
      </li>
    </a>
  </ul>
</div>
`;
